///////////////////////////////////
// This file and the images that are distributed with procon
// will be overwritten during an update. V.1.0
///////////////////////////////////


///////////////////////////////////
// File information displayed in the Maps area / ingame maps from Dice
///////////////////////////////////
file.name=Alpha Pack (InGame Quality)
file.author=Phil_K 
file.authorwebsite=http://www.phogue.net

// This is so it appears as readonly in procon, but can still be edited via text file for developers.
file.readonly=false


///////////////////////////////////
// Map backgrounds and points of.Translate.relative to 1024x1024 map and BFBC2.
///////////////////////////////////
// Conquest Maps
///////////////////////////////////
// D -> C 165 -> A 282 -> B 140 | grid 25m big, small 13
levels/mp_001.Image=Conquest/PanamaCanal_cq_map.jpg
levels/mp_001.Translate.X=489
levels/mp_001.Translate.Y=475
levels/mp_001.ScaleX=1.45
levels/mp_001.ScaleY=1.45
levels/mp_001.Rotation=180

// B -> C 156 -> A 120 | grid 27m
levels/mp_003.Image=Conquest/LagunaAlta_cq_map.jpg
levels/mp_003.Translate.X=512
levels/mp_003.Translate.Y=360
levels/mp_003.ScaleX=2.23
levels/mp_003.ScaleY=2.23
levels/mp_003.Rotation=180

// A -> B 136 -> C 255 | grid 26m
levels/mp_005.Image=Conquest/AtacamaDesert_cq_map.jpg
levels/mp_005.Translate.X=357
levels/mp_005.Translate.Y=554
levels/mp_005.ScaleX=0.91
levels/mp_005.ScaleY=0.91
levels/mp_005.Rotation=180

// C -> B 65 -> A 123 | B->A 59 | grid 27m
levels/mp_006cq.Image=Conquest/AricaHarbor_cq_map.jpg
levels/mp_006cq.Translate.X=774
levels/mp_006cq.Translate.Y=666
levels/mp_006cq.ScaleX=2.1
levels/mp_006cq.ScaleY=2.06
levels/mp_006cq.Rotation=180

// A -> B 115 -> C 218 | grid 13m
levels/mp_007.Image=Conquest/WhitePass_cq_map.jpg
levels/mp_007.Translate.X=483
levels/mp_007.Translate.Y=226
levels/mp_007.ScaleX=1.96
levels/mp_007.ScaleY=1.96
levels/mp_007.Rotation=180

// VIP-MP-5, A -> B 79 -> C 148 -> D 160 / B->A 79 -> C 132 -> D 110/111
levels/mp_008cq.Image=Conquest/NelsonBay_cq_map.jpg
levels/mp_008cq.Translate.X=517
levels/mp_008cq.Translate.Y=143
levels/mp_008cq.ScaleX=1.4
levels/mp_008cq.ScaleY=1.4
levels/mp_008cq.Rotation=180

// A -> B 118 -> C 149/150 | grid 13m
levels/mp_009cq.Image=Conquest/LagunaPresa_cq_map.jpg
levels/mp_009cq.Translate.X=624
levels/mp_009cq.Translate.Y=762
levels/mp_009cq.ScaleX=2.38
levels/mp_009cq.ScaleY=2.38
levels/mp_009cq.Rotation=180

// VIP-MP-4,  Ecke -> C 170 -> B 358 -> A 534 / C -> B 247 -> A 448
levels/mp_012cq.Image=Conquest/PortValdez_cq_map.jpg
levels/mp_012cq.Translate.X=379
levels/mp_012cq.Translate.Y=482
levels/mp_012cq.ScaleX=1
levels/mp_012cq.ScaleY=0.96
levels/mp_012cq.Rotation=180

// VIP-MP-7 Rus Baraks -> B 454 C 498 D 344 A 639
levels/bc1_harvest_day_cq.Image=Conquest/bc1_harvest_day_cq_map.jpg
levels/bc1_harvest_day_cq.Translate.X=536
levels/bc1_harvest_day_cq.Translate.Y=896
levels/bc1_harvest_day_cq.ScaleX=0.87
levels/bc1_harvest_day_cq.ScaleY=0.95
levels/bc1_harvest_day_cq.Rotation=203

// VIP-MP-7 
levels/bc1_oasis_cq.Image=Conquest/bc1_oasis_cq_map.jpg
levels/bc1_oasis_cq.Translate.X=1630
levels/bc1_oasis_cq.Translate.Y=340
levels/bc1_oasis_cq.ScaleX=2.1
levels/bc1_oasis_cq.ScaleY=2.1
levels/bc1_oasis_cq.Rotation=136

// VIP-MP-7 US heli C 302 B 702 -> A 451 | RUS heli A 323 B 693
levels/mp_sp_005cq.Image=Conquest/HeavyMetal_cq_map.jpg
levels/mp_sp_005cq.Translate.X=289
levels/mp_sp_005cq.Translate.Y=608
levels/mp_sp_005cq.ScaleX=0.71
levels/mp_sp_005cq.ScaleY=0.71
levels/mp_sp_005cq.Rotation=125


///////////////////////////////////
// Rush Maps
///////////////////////////////////
levels/mp_002.Image=Rush/Valapariso_rush_map.jpg
levels/mp_002.Translate.X=1021
levels/mp_002.Translate.Y=1028
levels/mp_002.ScaleX=2
levels/mp_002.ScaleY=2
levels/mp_002.Rotation=180

levels/mp_004.Image=Rush/IslaInocentes_rush_map.jpg
levels/mp_004.Translate.X=512
levels/mp_004.Translate.Y=512
levels/mp_004.ScaleX=1
levels/mp_004.ScaleY=1
levels/mp_004.Rotation=180

// VIP-MP-4, 
levels/mp_005gr.Image=Rush/AtacamaDesert_rush_map.jpg
levels/mp_005gr.Translate.X=413
levels/mp_005gr.Translate.Y=700
levels/mp_005gr.ScaleX=1
levels/mp_005gr.ScaleY=1
levels/mp_005gr.Rotation=180

levels/mp_006.Image=Rush/AricaHarbor_rush_map.jpg
levels/mp_006.Translate.X=878
levels/mp_006.Translate.Y=649
levels/mp_006.ScaleX=1.050049
levels/mp_006.ScaleY=1.050049
levels/mp_006.Rotation=180

// VIP-MP-5, 
levels/mp_007gr.Image=Rush/WhitePass_rush_map.jpg
levels/mp_007gr.Translate.X=538
levels/mp_007gr.Translate.Y=255
levels/mp_007gr.ScaleX=2
levels/mp_007gr.ScaleY=2
levels/mp_007gr.Rotation=180

levels/mp_008.Image=Rush/NelsonBay_rush_map.jpg
levels/mp_008.Translate.X=726
levels/mp_008.Translate.Y=353
levels/mp_008.ScaleX=2.001953
levels/mp_008.ScaleY=2.001953
levels/mp_008.Rotation=180

levels/mp_009gr.Image=Rush/LagunaPresa_rush_map.jpg
levels/mp_009gr.Translate.X=688
levels/mp_009gr.Translate.Y=664
levels/mp_009gr.ScaleX=2.000845
levels/mp_009gr.ScaleY=2.000845
levels/mp_009gr.Rotation=180

levels/mp_012gr.Image=Rush/PortValdez_rush_map.jpg
levels/mp_012gr.Translate.X=1024
levels/mp_012gr.Translate.Y=1024
levels/mp_012gr.ScaleX=2
levels/mp_012gr.ScaleY=2
levels/mp_012gr.Rotation=180

// MapPack 7
levels/bc1_harvest_day_gr.Image=Rush/bc1_harvest_day_rush_map.jpg
levels/bc1_harvest_day_gr.Translate.X=1030
levels/bc1_harvest_day_gr.Translate.Y=1021
levels/bc1_harvest_day_gr.ScaleX=1.03
levels/bc1_harvest_day_gr.ScaleY=0.99
levels/bc1_harvest_day_gr.Rotation=180

levels/bc1_oasis_gr.Image=Rush/bc1_oasis_rush_map.jpg
levels/bc1_oasis_gr.Translate.X=1022
levels/bc1_oasis_gr.Translate.Y=1021
levels/bc1_oasis_gr.ScaleX=1
levels/bc1_oasis_gr.ScaleY=1
levels/bc1_oasis_gr.Rotation=180

levels/mp_sp_002gr.Image=Rush/mp_sp_002_cold_war_rush_map.jpg
levels/mp_sp_002gr.Translate.X=1024
levels/mp_sp_002gr.Translate.Y=1031
levels/mp_sp_002gr.ScaleX=1
levels/mp_sp_002gr.ScaleY=0.98
levels/mp_sp_002gr.Rotation=180

///////////////////////////////////
// Squad Deathmatch Maps / grid 25m?
///////////////////////////////////
// VIP-MP-6
levels/mp_001sdm.Image=SquadDeathmatch/PanamaCanal_sqdm_map.jpg
levels/mp_001sdm.Translate.X=445
levels/mp_001sdm.Translate.Y=297
levels/mp_001sdm.ScaleX=3.1
levels/mp_001sdm.ScaleY=3.1
levels/mp_001sdm.Rotation=180

// grid 27
levels/mp_004sdm.Image=SquadDeathmatch/IslaInocentes_sqdm_map.jpg
levels/mp_004sdm.Translate.X=190
levels/mp_004sdm.Translate.Y=851
levels/mp_004sdm.ScaleX=3.369727
levels/mp_004sdm.ScaleY=3.369727
levels/mp_004sdm.Rotation=180

// grid 27m
levels/mp_006sdm.Image=SquadDeathmatch/AricaHarbor_sqdm_map.jpg
levels/mp_006sdm.Translate.X=846
levels/mp_006sdm.Translate.Y=802
levels/mp_006sdm.ScaleX=2.7
levels/mp_006sdm.ScaleY=2.7
levels/mp_006sdm.Rotation=180

// grid 13m
levels/mp_007sdm.Image=SquadDeathmatch/WhitePass_sqdm_map.jpg
levels/mp_007sdm.Translate.X=331
levels/mp_007sdm.Translate.Y=116
levels/mp_007sdm.ScaleX=3.2
levels/mp_007sdm.ScaleY=3.2
levels/mp_007sdm.Rotation=180

// VIP-MP-3, grid ??
levels/mp_008sdm.Image=SquadDeathmatch/NelsonBay_sqdm_map.jpg
levels/mp_008sdm.Translate.X=976
levels/mp_008sdm.Translate.Y=-139
levels/mp_008sdm.ScaleX=2.9
levels/mp_008sdm.ScaleY=2.9
levels/mp_008sdm.Rotation=180

// grid 13
levels/mp_009sdm.Image=SquadDeathmatch/LagunaPresa_sqdm_map.jpg
levels/mp_009sdm.Translate.X=674
levels/mp_009sdm.Translate.Y=829
levels/mp_009sdm.ScaleX=2.8
levels/mp_009sdm.ScaleY=2.8
levels/mp_009sdm.Rotation=180

// MapPack 7
levels/bc1_harvest_day_sdm.Image=SquadDeathmatch/bc1_harvest_day_sdm.jpg
levels/bc1_harvest_day_sdm.Translate.X=1571
levels/bc1_harvest_day_sdm.Translate.Y=506
levels/bc1_harvest_day_sdm.ScaleX=2.53
levels/bc1_harvest_day_sdm.ScaleY=2.53
levels/bc1_harvest_day_sdm.Rotation=180

levels/bc1_oasis_sdm.Image=SquadDeathmatch/bc1_oasis_sdm.jpg
levels/bc1_oasis_sdm.Translate.X=1502
levels/bc1_oasis_sdm.Translate.Y=1168
levels/bc1_oasis_sdm.ScaleX=2.53
levels/bc1_oasis_sdm.ScaleY=2.53
levels/bc1_oasis_sdm.Rotation=180

levels/mp_sp_002sdm.Image=SquadDeathmatch/mp_sp_002sdm.jpg
levels/mp_sp_002sdm.Translate.X=929
levels/mp_sp_002sdm.Translate.Y=-701
levels/mp_sp_002sdm.ScaleX=3
levels/mp_sp_002sdm.ScaleY=3.45
levels/mp_sp_002sdm.Rotation=180

levels/mp_sp_005sdm.Image=SquadDeathmatch/mp_sp_005sdm.jpg
levels/mp_sp_005sdm.Translate.X=-1545
levels/mp_sp_005sdm.Translate.Y=298
levels/mp_sp_005sdm.ScaleX=4.45
levels/mp_sp_005sdm.ScaleY=4.45
levels/mp_sp_005sdm.Rotation=180


///////////////////////////////////
// Squad Rush Maps
///////////////////////////////////
levels/mp_001sr.Image=SquadRush/mp_001sr.jpg
levels/mp_001sr.Translate.X=229
levels/mp_001sr.Translate.Y=338
levels/mp_001sr.ScaleX=5
levels/mp_001sr.ScaleY=5
levels/mp_001sr.Rotation=180

levels/mp_002sr.Image=SquadRush/mp_002sr.jpg
levels/mp_002sr.Translate.X=861
levels/mp_002sr.Translate.Y=965
levels/mp_002sr.ScaleX=4
levels/mp_002sr.ScaleY=4
levels/mp_002sr.Rotation=180

// VIP-MP-3, 
levels/mp_003sr.Image=SquadRush/LagunaAlta_map.jpg
levels/mp_003sr.Translate.X=256
levels/mp_003sr.Translate.Y=256
levels/mp_003sr.ScaleX=0.2
levels/mp_003sr.ScaleY=0.2
levels/mp_003sr.Rotation=180

levels/mp_005sr.Image=SquadRush/mp_005sr.jpg
levels/mp_005sr.Translate.X=140
levels/mp_005sr.Translate.Y=1030
levels/mp_005sr.ScaleX=3.533203
levels/mp_005sr.ScaleY=3.533203
levels/mp_005sr.Rotation=180

// VIP-MP-
levels/mp_009sr.Image=SquadRush/LagunaPresa_map.jpg
levels/mp_009sr.Translate.X=1045
levels/mp_009sr.Translate.Y=1051
levels/mp_009sr.ScaleX=2
levels/mp_009sr.ScaleY=2
levels/mp_009sr.Rotation=180

levels/mp_012sr.Image=SquadRush/PortValdez_map.jpg
levels/mp_012sr.Translate.X=256
levels/mp_012sr.Translate.Y=256
levels/mp_012sr.ScaleX=0.5
levels/mp_012sr.ScaleY=0.5
levels/mp_012sr.Rotation=180

// MapPack 7
levels/bc1_harvest_day_sr.Image=SquadRush/bc1_harvest_day_sr.jpg
levels/bc1_harvest_day_sr.Translate.X=1030
levels/bc1_harvest_day_sr.Translate.Y=1021
levels/bc1_harvest_day_sr.ScaleX=1.03
levels/bc1_harvest_day_sr.ScaleY=0.99
levels/bc1_harvest_day_sr.Rotation=180

levels/bc1_oasis_sr.Image=SquadRush/bc1_oasis_sr.jpg
levels/bc1_oasis_sr.Translate.X=1022
levels/bc1_oasis_sr.Translate.Y=1021
levels/bc1_oasis_sr.ScaleX=1
levels/bc1_oasis_sr.ScaleY=1
levels/bc1_oasis_sr.Rotation=180

levels/mp_sp_002sr.Image=SquadRush/mp_sp_002_cold_war_sr.jpg
levels/mp_sp_002sr.Translate.X=1024
levels/mp_sp_002sr.Translate.Y=1031
levels/mp_sp_002sr.ScaleX=1
levels/mp_sp_002sr.ScaleY=0.98
levels/mp_sp_002sr.Rotation=180

//levels/mp_04.Image=Levels/mp_04.jpg
//levels/mp_04.Overlay=CombatMission/mp_04.png

///////////////////////////////////
// Vietnam
///////////////////////////////////

// Vantage Point, C->A 335, C->B 159
levels/nam_mp_002cq.Image=Conquest/nam_mp_002cq.jpg
levels/nam_mp_002cq.Translate.X=400
levels/nam_mp_002cq.Translate.Y=655
levels/nam_mp_002cq.ScaleX=1.5
levels/nam_mp_002cq.ScaleY=1.5
levels/nam_mp_002cq.Rotation=90

// Hill 137, A->B 134, A->C 122
levels/nam_mp_003cq.Image=Conquest/nam_mp_003cq.jpg
levels/nam_mp_003cq.Translate.X=652
levels/nam_mp_003cq.Translate.Y=653
levels/nam_mp_003cq.ScaleX=1.5
levels/nam_mp_003cq.ScaleY=1.5
levels/nam_mp_003cq.Rotation=180

// Cao Son Temple, C->A 219, C->B 150 | B->A 106, B->C 150
levels/nam_mp_005cq.Image=Conquest/nam_mp_005cq.jpg
levels/nam_mp_005cq.Translate.X=498
levels/nam_mp_005cq.Translate.Y=636
levels/nam_mp_005cq.ScaleX=1.36
levels/nam_mp_005cq.ScaleY=1.36
levels/nam_mp_005cq.Rotation=180

// Phu Bai Valley, A->B 134, A->C 136
levels/nam_mp_006cq.Image=Conquest/nam_mp_006cq.jpg
levels/nam_mp_006cq.Translate.X=404
levels/nam_mp_006cq.Translate.Y=397
levels/nam_mp_006cq.ScaleX=1.4
levels/nam_mp_006cq.ScaleY=1.32
levels/nam_mp_006cq.Rotation=180

// Operation Hastings, 
levels/nam_mp_007cq.Image=Conquest/nam_mp_007cq.jpg
levels/nam_mp_007cq.Translate.X=275
levels/nam_mp_007cq.Translate.Y=427
levels/nam_mp_007cq.ScaleX=1.48
levels/nam_mp_007cq.ScaleY=1.48
levels/nam_mp_007cq.Rotation=180

///////////////////////////////////
// Rush Maps
///////////////////////////////////

// Vantage Point
levels/nam_mp_002r.Image=Rush/nam_mp_002r.jpg
levels/nam_mp_002r.Translate.X=400
levels/nam_mp_002r.Translate.Y=655
levels/nam_mp_002r.ScaleX=1.5
levels/nam_mp_002r.ScaleY=1.5
levels/nam_mp_002r.Rotation=90

// Hill 137
levels/nam_mp_003r.Image=Rush/nam_mp_003r.jpg
levels/nam_mp_003r.Translate.X=652
levels/nam_mp_003r.Translate.Y=653
levels/nam_mp_003r.ScaleX=1.5
levels/nam_mp_003r.ScaleY=1.5
levels/nam_mp_003r.Rotation=180

// Cao Son Temple
levels/nam_mp_005r.Image=Rush/nam_mp_005r.jpg
levels/nam_mp_005r.Translate.X=498
levels/nam_mp_005r.Translate.Y=636
levels/nam_mp_005r.ScaleX=1.36
levels/nam_mp_005r.ScaleY=1.36
levels/nam_mp_005r.Rotation=180

// Phu Bai Valley
levels/nam_mp_006r.Image=Rush/nam_mp_006r.jpg
levels/nam_mp_006r.Translate.X=404
levels/nam_mp_006r.Translate.Y=397
levels/nam_mp_006r.ScaleX=1.4
levels/nam_mp_006r.ScaleY=1.32
levels/nam_mp_006r.Rotation=180

// Operation Hastings
levels/nam_mp_007r.Image=Rush/nam_mp_007r.jpg
levels/nam_mp_007r.Translate.X=269
levels/nam_mp_007r.Translate.Y=423
levels/nam_mp_007r.ScaleX=1.6
levels/nam_mp_007r.ScaleY=1.66
levels/nam_mp_007r.Rotation=180

///////////////////////////////////
// SquadDeathmatch Maps
///////////////////////////////////

// Vantage Point
levels/nam_mp_002sdm.Image=SquadDeathmatch/nam_mp_002sdm.jpg
levels/nam_mp_002sdm.Translate.X=369
levels/nam_mp_002sdm.Translate.Y=873
levels/nam_mp_002sdm.ScaleX=3.21
levels/nam_mp_002sdm.ScaleY=3
levels/nam_mp_002sdm.Rotation=90

// Hill 137
levels/nam_mp_003sdm.Image=SquadDeathmatch/nam_mp_003sdm.jpg
levels/nam_mp_003sdm.Translate.X=597
levels/nam_mp_003sdm.Translate.Y=436
levels/nam_mp_003sdm.ScaleX=1.87
levels/nam_mp_003sdm.ScaleY=2
levels/nam_mp_003sdm.Rotation=180

// Cao Son Temple
levels/nam_mp_005sdm.Image=SquadDeathmatch/nam_mp_005sdm.jpg
levels/nam_mp_005sdm.Translate.X=626
levels/nam_mp_005sdm.Translate.Y=919
levels/nam_mp_005sdm.ScaleX=2.3
levels/nam_mp_005sdm.ScaleY=2.33
levels/nam_mp_005sdm.Rotation=180

// Phu Bai Valley
levels/nam_mp_006sdm.Image=SquadDeathmatch/nam_mp_006sdm.jpg
levels/nam_mp_006sdm.Translate.X=401
levels/nam_mp_006sdm.Translate.Y=390
levels/nam_mp_006sdm.ScaleX=1.39
levels/nam_mp_006sdm.ScaleY=1.39
levels/nam_mp_006sdm.Rotation=180

// Operation Hastings
levels/nam_mp_007sdm.Image=SquadDeathmatch/nam_mp_007sdm.jpg
levels/nam_mp_007sdm.Translate.X=275
levels/nam_mp_007sdm.Translate.Y=427
levels/nam_mp_007sdm.ScaleX=1.48
levels/nam_mp_007sdm.ScaleY=1.48
levels/nam_mp_007sdm.Rotation=180

///////////////////////////////////
// SquadRush Maps
///////////////////////////////////

// Vantage Point
levels/nam_mp_002sr.Image=SquadRush/nam_mp_002sr.jpg
levels/nam_mp_002sr.Translate.X=400
levels/nam_mp_002sr.Translate.Y=655
levels/nam_mp_002sr.ScaleX=1.5
levels/nam_mp_002sr.ScaleY=1.5
levels/nam_mp_002sr.Rotation=90

// Hill 137
levels/nam_mp_003sr.Image=SquadRush/nam_mp_003sr.jpg
levels/nam_mp_003sr.Translate.X=781
levels/nam_mp_003sr.Translate.Y=1013
levels/nam_mp_003sr.ScaleX=2.35
levels/nam_mp_003sr.ScaleY=2.35
levels/nam_mp_003sr.Rotation=180

// Cao Son Temple
levels/nam_mp_005sr.Image=SquadRush/nam_mp_005sr.jpg
levels/nam_mp_005sr.Translate.X=627
levels/nam_mp_005sr.Translate.Y=1005
levels/nam_mp_005sr.ScaleX=2.36
levels/nam_mp_005sr.ScaleY=2.36
levels/nam_mp_005sr.Rotation=180

// Phu Bau Valley
levels/nam_mp_006sr.Image=SquadRush/nam_mp_006sr.jpg
levels/nam_mp_006sr.Translate.X=404
levels/nam_mp_006sr.Translate.Y=397
levels/nam_mp_006sr.ScaleX=1.4
levels/nam_mp_006sr.ScaleY=1.32
levels/nam_mp_006sr.Rotation=180

// Operation Hastings
levels/nam_mp_007sr.Image=SquadRush/nam_mp_007sr.jpg
levels/nam_mp_007sr.Translate.X=257
levels/nam_mp_007sr.Translate.Y=436
levels/nam_mp_007sr.ScaleX=1.71
levels/nam_mp_007sr.ScaleY=1.71
levels/nam_mp_007sr.Rotation=180



///////////////////////////////////
// Icon to denote a headshot. to come
///////////////////////////////////
Headshot.Image=../../_icons_/headshot.png

///////////////////////////////////
// Death.Image is resized to 24x24 but it's better to have it bigger because it
// zooms with the map.
///////////////////////////////////
Death.Image=../../_icons_/Death.png

///////////////////////////////////
// Damage Types icons
// Are resized to 96x24.
///////////////////////////////////
//hg-2.Image=../../_icons_/Grenade.png

///////////////////////////////////
// New Weapon icons
///////////////////////////////////
aek971.Image=../../Weapons/aek971.png
xm8.Image=../../Weapons/xm8.png
f2000.Image=../../Weapons/f2000.png
aug.Image=../../Weapons/aug.png
an94.Image=../../Weapons/an94.png
m416.Image=../../Weapons/m416.png
m16.Image=../../Weapons/m16.png
40mmgl.Image=../../Weapons/40mmgl.png
40mmsg.Image=../../Weapons/40mmsg.png
40mmsmk.Image=../../Weapons/40mmsmk.png
9a91.Image=../../Weapons/9a91.png
scar.Image=../../Weapons/scar.png
xm8c.Image=../../Weapons/xm8c.png
aks74u.Image=../../Weapons/aks74u.png
uzi.Image=../../Weapons/uzi.png
pp2000.Image=../../Weapons/pp2000.png
ump.Image=../../Weapons/ump.png
rpg7.Image=../../Weapons/rpg7.png
m2cg.Image=../../Weapons/m2cg.png
m136.Image=../../Weapons/m136.png
atm-00.Image=../../Weapons/atm-00.png
pkm.Image=../../Weapons/pkm.png
m249.Image=../../Weapons/m249.png
qju88.Image=../../Weapons/qju88.png
m60.Image=../../Weapons/m60.png
xm8 lmg.Image=../../Weapons/xm8_lmg.png
mg36.Image=../../Weapons/mg36.png
mg3.Image=../../Weapons/mg3.png
defib.Image=../../Weapons/defib.png
m24.Image=../../Weapons/m24.png
qbu88.Image=../../Weapons/qbu88.png
sv98.Image=../../Weapons/sv98.png
svu.Image=../../Weapons/svu.png
gol.Image=../../Weapons/gol.png
vss.Image=../../Weapons/vss.png
m95.Image=../../Weapons/m95.png
mrtr-5.Image=../../Weapons/mrtr-5.png
870mcs.Image=../../Weapons/870mcs.png
s20k.Image=../../Weapons/s20k.png
mk14ebr.Image=../../Weapons/mk14ebr.png
g3.Image=../../Weapons/g3.png
m1a1 thompson.Image=../../Weapons/m1a1_thompson.png
garand.Image=../../Weapons/garand.png
dtn-4.Image=../../Weapons/dtn-4.png
m9.Image=../../Weapons/m9.png
mp443.Image=../../Weapons/mp443.png
m1911.Image=../../Weapons/m1911.png
mp412.Image=../../Weapons/mp412.png
m9-3.Image=../../Weapons/m9-3.png
trcr-357.Image=../../Weapons/trcr-357.png
hg-2.Image=../../Weapons/hg-2.png
ns2000.Image=../../Weapons/ns2000.png
usas12.Image=../../Weapons/usas12.png
// d2.0.Image=../../Weapons/.png
pwr-700.Image=../../Weapons/pwr-700.png
spas12.Image=../../Weapons/spas12.png
knv-1.Image=../../Weapons/knv-1.png
life-33.Image=../../Weapons/life-33.png
ammo-2.Image=../../Weapons/ammo-2.png
mtn-55.Image=../../Weapons/mtn-55.png

roadkill.Image=../../Vehicles/roadkill.png

zu23#cannons.Image=../../Vehicles/zu23.png
vads#autocannon.Image=../../Vehicles/vads.png

korn#missile launcher.Image=../../Vehicles/korn.png
tow2#launcher.Image=../../Vehicles/tow2.png
x312#gun.Image=../../Vehicles/x312.png
kord#gun.Image=../../Vehicles/kord.png
x307#gun.Image=../../Vehicles/x307.png

pblb#gmg.Image=../../Vehicles/pblb.png

mi28#gunnercannnon.Image=../../Vehicles/mi28.png
mi28#dumbfirerocket starboard.Image=../../Vehicles/mi28.png
mi28#dumbfirerocket port.Image=../../Vehicles/mi28.png
mi28#tow.Image=../../Vehicles/mi28.png

mi24#gunnercannon.Image=../../Vehicles/mi24.png

uav1#bomb.Image=../../Vehicles/uav1.png
uav1#mg.Image=../../Vehicles/uav1.png

ah64#heli autocannon.Image=../../Vehicles/ah64.png
ah64#rocketpod right.Image=../../Vehicles/ah64.png
ah64#rocketpod left.Image=../../Vehicles/ah64.png
ah64#tow.Image=../../Vehicles/ah64.png

ah60#minigun left.Image=../../Vehicles/ah60.png
ah60#minigun right.Image=../../Vehicles/ah60.png

t90r#maingun.Image=../../Vehicles/t90r.png
t90r#coaxmg.Image=../../Vehicles/t90r.png
t90r#remotegun.Image=../../Vehicles/t90r.png

cobr#kord.Image=../../Vehicles/cobr.png

humv#gun.Image=../../Vehicles/humv.png

m1a2#maingun.Image=../../Vehicles/m1a2.png
m1a2#coaxmg.Image=../../Vehicles/m1a2.png
m1a2#remotegun.Image=../../Vehicles/m1a2.png

bmda#cannon.Image=../../Vehicles/bmda.png
bmda#gmg.Image=../../Vehicles/bmda.png
bmd3#pfw rearright.Image=../../Vehicles/bmd3.png
bmd3#pfw rearleft.Image=../../Vehicles/bmd3.png

m3a3#ifvautocannon.Image=../../Vehicles/m3a3.png
m3a3#tow.Image=../../Vehicles/m3a3.png
m3a3#remotemg.Image=../../Vehicles/m3a3.png
m3a3#pfw rearleft.Image=../../Vehicles/m3a3.png
m3a3#pfw rearright.Image=../../Vehicles/m3a3.png

bmd3#ifvautocannon.Image=../../Vehicles/bmd3.png
bmd3#tow.Image=../../Vehicles/bmd3.png
bmd3#remotemg.Image=../../Vehicles/bmd3.png

vodn#kord.Image=../../Vehicles/vodn.png

cavj#xm-307.Image=../../Vehicles/cavj.png
cavj#kord.Image=../../Vehicles/cavj.png
