///////////////////////////////////
// This file and the images that are distributed with procon
// will be overwritten during an update.
///////////////////////////////////


///////////////////////////////////
// File information displayed in the Maps area
///////////////////////////////////
file.name=Default (InGame)
file.author=Phogue / Phil_K
file.authorwebsite=http://www.phogue.net

// This is so it appears as readonly in procon, but can still be edited via text file for developers.
file.readonly=false

///////////////////////////////////
// Map backgrounds and points of.Translate.relative to 2048x2048 map and BFBC2.
// All map backgrounds are resized to 2048x2048
///////////////////////////////////

// CombatMissions
levels/mp_01.Image=CombatMission/mp_01.jpg
levels/mp_01.Translate.X=523
levels/mp_01.Translate.Y=238
levels/mp_01.ScaleX=1.7
levels/mp_01.ScaleY=1.3
levels/mp_01.Rotation=320

levels/mp_02.Image=CombatMission/mp_02.jpg
levels/mp_02.Translate.X=534
levels/mp_02.Translate.Y=31
levels/mp_02.ScaleX=1.7
levels/mp_02.ScaleY=1.3
levels/mp_02.Rotation=180

levels/mp_04.Image=CombatMission/mp_04.jpg
levels/mp_04.Translate.X=451
levels/mp_04.Translate.Y=208
levels/mp_04.ScaleX=1.8
levels/mp_04.ScaleY=1.5
levels/mp_04.Rotation=90

//Objective Raid
levels/mp_05_overrun.Image=ObjectiveRaid/mp_05_overrun.jpg
levels/mp_05_overrun.Translate.X=472
levels/mp_05_overrun.Translate.Y=318
levels/mp_05_overrun.ScaleX=5.1
levels/mp_05_overrun.ScaleY=3.5
levels/mp_05_overrun.Rotation=180

levels/mp_06_overrun.Image=ObjectiveRaid/mp_06_overrun.jpg
levels/mp_06_overrun.Translate.X=548
levels/mp_06_overrun.Translate.Y=244
levels/mp_06_overrun.ScaleX=4.1
levels/mp_06_overrun.ScaleY=2.7
levels/mp_06_overrun.Rotation=180

levels/mp_08_overrun.Image=ObjectiveRaid/mp_08_overrun.jpg
levels/mp_08_overrun.Translate.X=22
levels/mp_08_overrun.Translate.Y=1071
levels/mp_08_overrun.ScaleX=3.5
levels/mp_08_overrun.ScaleY=2.8
levels/mp_08_overrun.Rotation=180

levels/mp_09_overrun.Image=ObjectiveRaid/mp_09_overrun.jpg
levels/mp_09_overrun.Translate.X=378
levels/mp_09_overrun.Translate.Y=201
levels/mp_09_overrun.ScaleX=6.6
levels/mp_09_overrun.ScaleY=4.6
levels/mp_09_overrun.Rotation=180

levels/mp_10_overrun.Image=ObjectiveRaid/mp_10_overrun.jpg
levels/mp_10_overrun.Translate.X=413
levels/mp_10_overrun.Translate.Y=338
levels/mp_10_overrun.ScaleX=5.5
levels/mp_10_overrun.ScaleY=3.7
levels/mp_10_overrun.Rotation=180


// Sector Control
levels/mp_05_domination.Image=SectorControl/mp_05_domination.jpg
levels/mp_05_domination.Translate.X=439
levels/mp_05_domination.Translate.Y=318
levels/mp_05_domination.ScaleX=4.5
levels/mp_05_domination.ScaleY=3.4
levels/mp_05_domination.Rotation=180

levels/mp_06_domination.Image=SectorControl/mp_06_domination.jpg
levels/mp_06_domination.Translate.X=588
levels/mp_06_domination.Translate.Y=244
levels/mp_06_domination.ScaleX=4.1
levels/mp_06_domination.ScaleY=3
levels/mp_06_domination.Rotation=180

levels/mp_08_domination.Image=SectorControl/mp_08_domination.jpg
levels/mp_08_domination.Translate.X=22
levels/mp_08_domination.Translate.Y=1111
levels/mp_08_domination.ScaleX=3.5
levels/mp_08_domination.ScaleY=2.9
levels/mp_08_domination.Rotation=180

levels/mp_09_domination.Image=SectorControl/mp_09_domination.jpg
levels/mp_09_domination.Translate.X=369
levels/mp_09_domination.Translate.Y=199
levels/mp_09_domination.ScaleX=6.8
levels/mp_09_domination.ScaleY=4.7
levels/mp_09_domination.Rotation=180

levels/mp_10_domination.Image=SectorControl/mp_10_domination.jpg
levels/mp_10_domination.Translate.X=408
levels/mp_10_domination.Translate.Y=310
levels/mp_10_domination.ScaleX=5.5
levels/mp_10_domination.ScaleY=3.1
levels/mp_10_domination.Rotation=180

// Team Assault
levels/mp_05_tdm.Image=TeamAssault/mp_05_tdm.jpg
levels/mp_05_tdm.Translate.X=461
levels/mp_05_tdm.Translate.Y=318
levels/mp_05_tdm.ScaleX=5.5125
levels/mp_05_tdm.ScaleY=3.4
levels/mp_05_tdm.Rotation=180

levels/mp_06_tdm.Image=TeamAssault/mp_06_tdm.jpg
levels/mp_06_tdm.Translate.X=569
levels/mp_06_tdm.Translate.Y=252
levels/mp_06_tdm.ScaleX=4.1
levels/mp_06_tdm.ScaleY=2.7
levels/mp_06_tdm.Rotation=180

levels/mp_08_tdm.Image=TeamAssault/mp_08_tdm.jpg
levels/mp_08_tdm.Translate.X=81
levels/mp_08_tdm.Translate.Y=1060
levels/mp_08_tdm.ScaleX=3.1
levels/mp_08_tdm.ScaleY=2.75625
levels/mp_08_tdm.Rotation=180

levels/mp_09_tdm.Image=TeamAssault/mp_09_tdm.jpg
levels/mp_09_tdm.Translate.X=388
levels/mp_09_tdm.Translate.Y=224
levels/mp_09_tdm.ScaleX=6.8
levels/mp_09_tdm.ScaleY=4.7
levels/mp_09_tdm.Rotation=180

levels/mp_10_tdm.Image=TeamAssault/mp_10_tdm.jpg
levels/mp_10_tdm.Translate.X=390
levels/mp_10_tdm.Translate.Y=314
levels/mp_10_tdm.ScaleX=6
levels/mp_10_tdm.ScaleY=3.2
levels/mp_10_tdm.Rotation=180


// Clean sweep
levels/mp_01_elimination.Image=CleanSweep/mp_01_elimination.jpg
levels/mp_01_elimination.Translate.X=456
levels/mp_01_elimination.Translate.Y=196
levels/mp_01_elimination.ScaleX=6.03
levels/mp_01_elimination.ScaleY=3.03
levels/mp_01_elimination.Rotation=240

levels/mp_03_elimination.Image=CleanSweep/mp_03_elimination.jpg
levels/mp_03_elimination.Translate.X=349
levels/mp_03_elimination.Translate.Y=11
levels/mp_03_elimination.ScaleX=4.95
levels/mp_03_elimination.ScaleY=4.42
levels/mp_03_elimination.Rotation=180

levels/mp_06_elimination.Image=CleanSweep/mp_06_elimination.jpg
levels/mp_06_elimination.Translate.X=635
levels/mp_06_elimination.Translate.Y=262
levels/mp_06_elimination.ScaleX=6.11
levels/mp_06_elimination.ScaleY=3.9
levels/mp_06_elimination.Rotation=180

levels/mp_09_elimination.Image=CleanSweep/mp_09_elimination.jpg
levels/mp_09_elimination.Translate.X=388
levels/mp_09_elimination.Translate.Y=224
levels/mp_09_elimination.ScaleX=6.8
levels/mp_09_elimination.ScaleY=4.7
levels/mp_09_elimination.Rotation=180


// Hote Zone
levels/mp_02_koth.Image=KingOfTheHill/mp_02_koth.jpg
levels/mp_02_koth.Translate.X=450
levels/mp_02_koth.Translate.Y=217
levels/mp_02_koth.ScaleX=4.72
levels/mp_02_koth.ScaleY=4.72
levels/mp_02_koth.Rotation=180

levels/mp_02_koth2.Image=KingOfTheHill/mp_02_koth2.jpg
levels/mp_02_koth2.Translate.X=537
levels/mp_02_koth2.Translate.Y=-399
levels/mp_02_koth2.ScaleX=3.05
levels/mp_02_koth2.ScaleY=3.07
levels/mp_02_koth2.Rotation=180

levels/mp_04_koth.Image=KingOfTheHill/mp_04_koth.jpg
levels/mp_04_koth.Translate.X=393
levels/mp_04_koth.Translate.Y=211
levels/mp_04_koth.ScaleX=2.64
levels/mp_04_koth.ScaleY=1.77
levels/mp_04_koth.Rotation=90

levels/mp_07_koth.Image=KingOfTheHill/mp_07_koth.jpg
levels/mp_07_koth.Translate.X=599
levels/mp_07_koth.Translate.Y=233
levels/mp_07_koth.ScaleX=6.02
levels/mp_07_koth.ScaleY=4.55
levels/mp_07_koth.Rotation=180

///////////////////////////////////
// Icons (resized to 24x24, bigger is better though)
///////////////////////////////////
Headshot.Image=../../_icons_/headshot.png
Death.Image=../../_icons_/death.png


///////////////////////////////////
// Weapon icons
///////////////////////////////////

h_tomahawk.Image=../../Weapons/h_tomahawk.png
h_scud.Image=../../Weapons/h_scud.png

h_870mcs.Image=../../Weapons/h_870mcs.png
h_a10.Image=../../Weapons/h_a10.png
h_ak47.Image=../../Weapons/h_ak47.png
h_ak47rgl.Image=../../Weapons/h_ak47rgl.png
h_aks74u.Image=../../Weapons/h_aks74u.png
h_artillery.Image=../../Weapons/h_artillery.png
h_at4.Image=../../Weapons/h_at4.png
h_axe.Image=../../Weapons/h_axe.png
h_c4.Image=../../Weapons/h_c4.png
h_f2000.Image=../../Weapons/h_f2000.png
h_f2000rgl.Image=../../Weapons/h_f2000rgl.png
h_fighter.Image=../../Weapons/h_fighter.png
h_g3.Image=../../Weapons/h_g3.png
h_hellfire.Image=../../Weapons/h_hellfire.png
h_hg.Image=../../Weapons/h_hg.png
h_ied.Image=../../Weapons/h_ied.png
h_knife.Image=../../Weapons/h_knife.png
h_m4.Image=../../Weapons/h_m4.png
h_m9.Image=../../Weapons/h_m9.png
h_m16.Image=../../Weapons/h_m16.png
h_m16rgl.Image=../../Weapons/h_m16rgl.png
h_m21.Image=../../Weapons/h_m21.png
h_m24.Image=../../Weapons/h_m24.png
h_m249.Image=../../Weapons/h_m249.png
h_mortar.Image=../../Weapons/h_mortar.png
h_p90.Image=../../Weapons/h_p90.png
h_pkm.Image=../../Weapons/h_pkm.png
h_rocket.Image=../../Weapons/h_rocket.png
h_rpg.Image=../../Weapons/h_rpg.png
h_sv98.Image=../../Weapons/h_sv98.png
h_svd.Image=../../Weapons/h_svd.png
h_tariq.Image=../../Weapons/h_tariq.png
h_toz194.Image=../../Weapons/h_toz194.png
kord.Image=../../Weapons/kord.png
h_m60.Image=../../Weapons/h_m60.png
h_mp7.Image=../../Weapons/h_mp7.png